should render with default values when persistence is enabled:
  1: |
    apiVersion: v1
    kind: PersistentVolumeClaim
    metadata:
      labels:
        app.kubernetes.io/instance: RELEASE-NAME
        app.kubernetes.io/managed-by: Helm
        app.kubernetes.io/name: casdoor
        app.kubernetes.io/version: v1.976.0
        helm.sh/chart: casdoor-helm-charts-v1.976.0
      name: RELEASE-NAME-casdoor-data
    spec:
      accessModes:
        - ReadWriteOnce
      resources:
        requests:
          storage: 8Gi
should set custom storage class and size:
  1: |
    apiVersion: v1
    kind: PersistentVolumeClaim
    metadata:
      labels:
        app.kubernetes.io/instance: RELEASE-NAME
        app.kubernetes.io/managed-by: Helm
        app.kubernetes.io/name: casdoor
        app.kubernetes.io/version: v1.976.0
        helm.sh/chart: casdoor-helm-charts-v1.976.0
      name: RELEASE-NAME-casdoor-data
    spec:
      accessModes:
        - ReadWriteOnce
      resources:
        requests:
          storage: 10Gi
      storageClassName: fast
