should add annotations:
  1: |
    apiVersion: v1
    kind: ServiceAccount
    metadata:
      annotations:
        iam.gke.io/gcp-service-account: casdoor@my-project.iam.gserviceaccount.com
      labels:
        app.kubernetes.io/instance: RELEASE-NAME
        app.kubernetes.io/managed-by: Helm
        app.kubernetes.io/name: casdoor
        app.kubernetes.io/version: v1.976.0
        helm.sh/chart: casdoor-helm-charts-v1.976.0
      name: RELEASE-NAME-casdoor
should render with default values:
  1: |
    apiVersion: v1
    kind: ServiceAccount
    metadata:
      labels:
        app.kubernetes.io/instance: RELEASE-NAME
        app.kubernetes.io/managed-by: Helm
        app.kubernetes.io/name: casdoor
        app.kubernetes.io/version: v1.976.0
        helm.sh/chart: casdoor-helm-charts-v1.976.0
      name: RELEASE-NAME-casdoor
should set a custom service account name:
  1: |
    apiVersion: v1
    kind: ServiceAccount
    metadata:
      labels:
        app.kubernetes.io/instance: RELEASE-NAME
        app.kubernetes.io/managed-by: Helm
        app.kubernetes.io/name: casdoor
        app.kubernetes.io/version: v1.976.0
        helm.sh/chart: casdoor-helm-charts-v1.976.0
      name: my-casdoor-sa
